Windows PowerShell
Copyright (C) Microsoft Corporation. All rights reserved.

Install the latest PowerShell for new features and improvements! https://aka.ms/PSWindows

PS C:\Users\damia> cd C:\Users\damia\Recircle
PS C:\Users\damia\Recircle> node scripts/deploy-solo-contracts-SIMPLE.cjs
node:internal/modules/cjs/loader:1404
  throw err;
  ^

Error: Cannot find module 'C:\Users\damia\Recircle\scripts\deploy-solo-contracts-SIMPLE.cjs'
    at Function._resolveFilename (node:internal/modules/cjs/loader:1401:15)
    at defaultResolveImpl (node:internal/modules/cjs/loader:1057:19)
    at resolveForCJSWithHooks (node:internal/modules/cjs/loader:1062:22)
    at Function._load (node:internal/modules/cjs/loader:1211:37)
    at TracingChannel.traceSync (node:diagnostics_channel:322:14)
    at wrapModuleLoad (node:internal/modules/cjs/loader:235:24)
    at Function.executeUserEntryPoint [as runMain] (node:internal/modules/run_main:171:5)
    at node:internal/main/run_main_module:36:49 {
  code: 'MODULE_NOT_FOUND',
  requireStack: []
}

Node.js v22.17.1
PS C:\Users\damia\Recircle> node scripts/deploy-solo-contracts-SIMPLE.cjs
node:internal/modules/cjs/loader:1404
  throw err;
  ^

Error: Cannot find module 'C:\Users\damia\Recircle\scripts\deploy-solo-contracts-SIMPLE.cjs'
    at Function._resolveFilename (node:internal/modules/cjs/loader:1401:15)
    at defaultResolveImpl (node:internal/modules/cjs/loader:1057:19)
    at resolveForCJSWithHooks (node:internal/modules/cjs/loader:1062:22)
    at Function._load (node:internal/modules/cjs/loader:1211:37)
    at TracingChannel.traceSync (node:diagnostics_channel:322:14)
    at wrapModuleLoad (node:internal/modules/cjs/loader:235:24)
    at Function.executeUserEntryPoint [as runMain] (node:internal/modules/run_main:171:5)
    at node:internal/main/run_main_module:36:49 {
  code: 'MODULE_NOT_FOUND',
  requireStack: []
}

Node.js v22.17.1
PS C:\Users\damia\Recircle> node scripts/deploy-solo-contracts.cjs
ðŸš€ Deploying contracts to VeChain solo node...
JsonRpcProvider failed to detect network and cannot start up; retry in 1s (perhaps the URL is wrong or the node is not started)
âŒ Deployment failed:
JsonRpcProvider failed to detect network and cannot start up; retry in 1s (perhaps the URL is wrong or the node is not started)
JsonRpcProvider failed to detect network and cannot start up; retry in 1s (perhaps the URL is wrong or the node is not started)
JsonRpcProvider failed to detect network and cannot start up; retry in 1s (perhaps the URL is wrong or the node is not started)
PS C:\Users\damia\Recircle> node scripts/test-solo-simple.cjs
node:internal/modules/cjs/loader:1404
  throw err;
  ^

Error: Cannot find module 'C:\Users\damia\Recircle\scripts\test-solo-simple.cjs'
    at Function._resolveFilename (node:internal/modules/cjs/loader:1401:15)
    at defaultResolveImpl (node:internal/modules/cjs/loader:1057:19)
    at resolveForCJSWithHooks (node:internal/modules/cjs/loader:1062:22)
    at Function._load (node:internal/modules/cjs/loader:1211:37)
    at TracingChannel.traceSync (node:diagnostics_channel:322:14)
    at wrapModuleLoad (node:internal/modules/cjs/loader:235:24)
    at Function.executeUserEntryPoint [as runMain] (node:internal/modules/run_main:171:5)
    at node:internal/main/run_main_module:36:49 {
  code: 'MODULE_NOT_FOUND',
  requireStack: []
}

Node.js v22.17.1
PS C:\Users\damia\Recircle> notepad scripts\test-solo-simple.cjs
PS C:\Users\damia\Recircle> node scripts\test-solo-simple.cjs
PS C:\Users\damia\Recircle>